[stocklypacificrealty.com/index.html]
[backblue.gif]
[fade.gif]
[index.html]
[stocklypacificrealty.com/js/vendors/bootstrap.bundle.min.js]
[stocklypacificrealty.com/fonts/fa-brands-400.woff2]
[stocklypacificrealty.com/css/style.css]
[stocklypacificrealty.com/fonts/fa-solid-900.woff2]
[stocklypacificrealty.com/fonts/dm-sans-v11-latin-700.woff2]
[stocklypacificrealty.com/fonts/dm-sans-v11-latin-regular.woff2]
[stocklypacificrealty.com/img/favicon.ico]
[stocklypacificrealty.com/img/apple-touch-icon.png]
[stocklypacificrealty.com/img/logo-dark 2.png]
[stocklypacificrealty.com/index0867.html]
[stocklypacificrealty.com/index8552.html]
[stocklypacificrealty.com/indexb504.html]
[stocklypacificrealty.com/img/in-slide-img-2.png]
[stocklypacificrealty.com/indexcca3.html]
[stocklypacificrealty.com/indexc30b.html]
[stocklypacificrealty.com/img/in-slide-symbol-5.svg]
[stocklypacificrealty.com/img/in-slide-symbol-6.svg]
[stocklypacificrealty.com/img/in-slide-symbol-7.svg]
[stocklypacificrealty.com/img/in-slide-symbol-8.svg]
[stocklypacificrealty.com/img/in-slide-img-1.png]
[stocklypacificrealty.com/img/in-slide-symbol-1.svg]
[stocklypacificrealty.com/img/in-slide-symbol-2.svg]
[stocklypacificrealty.com/img/in-slide-symbol-3.svg]
[stocklypacificrealty.com/img/in-avo-6-icon-1.png]
[stocklypacificrealty.com/img/in-slide-symbol-4.svg]
[stocklypacificrealty.com/img/in-avo-6-icon-2.png]
[stocklypacificrealty.com/img/in-avo-6-icon-3.png]
[stocklypacificrealty.com/img/in-avo-6-icon-4.png]
[stocklypacificrealty.com/img/in-avo-6-icon-5.png]
[stocklypacificrealty.com/img/in-avo-3-decor-1.jpg]
[s3.tradingview.com/external-embedding/embed-widget-symbol-info.js]
[stocklypacificrealty.com/images/b.jpg]
[s3-symbol-logo.tradingview.com/ocado-group--600.png]
[t3.ftcdn.net/jpg/02/38/90/16/360_F_238901681_IlDAOrbHBy84kDY3vReKWLbflTIlZdUi.jpg]
[dwxbwps5boihg.cloudfront.net/topic/post_picture/1402/property_investment.png]
[static.vecteezy.com/system/resources/previews/003/067/839/original/eco-green-leaf-icon-in-light-bulb-free-vector.jpg]
[stocklypacificrealty.com/img/in-avo-8-background.webp]
[stocklypacificrealty.com/img/in-avo-8-video.jpg]
[stocklypacificrealty.com/stock.mp4]
[stocklypacificrealty.com/stock7f3b.mp4]
[translate.google.com/translate_a/elementa0d8.js]
[stocklypacificrealty.com/js/vendors/vanilla-marquee.min.js]
[stocklypacificrealty.com/js/vendors/tradingview-widget.min.js]
[stocklypacificrealty.com/js/vendors/bigger-picture.min.js]
[stocklypacificrealty.com/js/utilities.min.js]
[stocklypacificrealty.com/js/config-theme.js]
[stocklypacificrealty.com/index.html]
[stocklypacificrealty.com/fonts/dm-sans-v11-latin-regular.woff]
[stocklypacificrealty.com/fonts/dm-sans-v11-latin-700.woff]
[stocklypacificrealty.com/img/in-slide-bg.webp]
[stocklypacificrealty.com/fonts/fa-solid-900.ttf]
[stocklypacificrealty.com/fonts/fa-brands-400.ttf]
[stocklypacificrealty.com/img/in-award-left.svg]
[stocklypacificrealty.com/img/in-award-right.svg]
[stocklypacificrealty.com/img/in-avo-16-line.svg]
[stocklypacificrealty.com/css/style.css]
[stocklypacificrealty.com/index0867.html]
[stocklypacificrealty.com/index3898.html]
[stocklypacificrealty.com/img/blockit/in-gallery-image-1.jpg]
[stocklypacificrealty.com/img/blockit/in-gallery-image-2.jpg]
[stocklypacificrealty.com/img/blockit/in-gallery-image-3.jpg]
[stocklypacificrealty.com/img/blockit/in-gallery-image-6.jpg]
[stocklypacificrealty.com/img/blockit/in-gallery-image-5.jpg]
[stocklypacificrealty.com/img/blockit/in-gallery-image-4.jpg]
[stocklypacificrealty.com/indexb504.html]
[stocklypacificrealty.com/index8552.html]
[stocklypacificrealty.com/img/blockit/in-signin-image.jpg]
[stocklypacificrealty.com/indexc30b.html]
[stocklypacificrealty.com/indexcca3.html]
[stocklypacificrealty.com/img/in-slide-symbol-5.svg]
[stocklypacificrealty.com/img/in-slide-symbol-6.svg]
[stocklypacificrealty.com/img/in-slide-symbol-7.svg]
[stocklypacificrealty.com/img/in-slide-symbol-8.svg]
[stocklypacificrealty.com/img/in-slide-symbol-1.svg]
[stocklypacificrealty.com/img/in-slide-symbol-2.svg]
[stocklypacificrealty.com/img/in-slide-symbol-3.svg]
[stocklypacificrealty.com/img/in-slide-symbol-4.svg]
[stocklypacificrealty.com/index8083.html]
[stocklypacificrealty.com/img/in-slide-img-2.png]
[stocklypacificrealty.com/img/in-slide-img-1.png]
[stocklypacificrealty.com/stock.mp4]
[stocklypacificrealty.com/img/in-avo-3-decor-1.jpg]
[stocklypacificrealty.com/stock7f3b.mp4]
[stocklypacificrealty.com/img/in-slide-bg.webp]
[stocklypacificrealty.com/img/in-award-left.svg]
[stocklypacificrealty.com/img/in-award-right.svg]
[stocklypacificrealty.com/img/in-avo-16-line.svg]
[stocklypacificrealty.com/img/blockit/in-team-background-1.png]
[stocklypacificrealty.com/img/blockit/in-team-1.png]
[stocklypacificrealty.com/img/blockit/in-team-4.png]
[stocklypacificrealty.com/img/blockit/in-team-2.png]
[stocklypacificrealty.com/index3898.html]
[stocklypacificrealty.com/index8083.html]
[stocklypacificrealty.com/img/in-slide-img-2.png]
[stocklypacificrealty.com/img/in-avo-3-decor-1.jpg]
[stocklypacificrealty.com/img/in-slide-img-1.png]
[stocklypacificrealty.com/stock.mp4]
[stocklypacificrealty.com/stock7f3b.mp4]
[stocklypacificrealty.com/img/in-slide-bg.webp]
[code.tidio.co_443/tnmesqwtp1l0zrlmoibqlg3mxb5sgpyf.js]
[stocklypacificrealty.com/assets/img/page-header-bg.svg]
